// Jest Snapshot v1, https://goo.gl/fbAQLP

exports[`loadSkllsProfiles works as expected 1`] = `
[
  {
    "Dep": {
      "EcmaScript": {
        "@material-ui/core@4.12.3": {
          "Fri, 29 Apr 2022 09:38:50 +0200": 13,
        },
      },
    },
    "Ext": {
      ".json": {
        "Thu, 28 Apr 2022 16:39:53 +0200": 2,
      },
    },
    "LastCommit": "2022-04-29T07:38:50.000Z",
    "Usernames": [
      "github-username",
    ],
  },
]
`;
